// Jest Snapshot v1, https://goo.gl/fbAQLP

exports[`should render navigation 1`] = `"<div class=\\"Navigation__Wrapper-j6h1ss-0 esetmv\\"><div class=\\"Navigation__LinkWrapper-j6h1ss-3 gbXNJi\\"><a href=\\"/\\">Countâ–¼</a><ul class=\\"Navigation__LinkList-j6h1ss-1 jVRZQz\\"><li class=\\"Navigation__LinkListItem-j6h1ss-2 kkyviC\\"><a href=\\"/by/1\\">By 1</a></li><li class=\\"Navigation__LinkListItem-j6h1ss-2 kkyviC\\"><a href=\\"/by/2\\">By 2</a></li><li class=\\"Navigation__LinkListItem-j6h1ss-2 kkyviC\\"><a href=\\"/by/3\\">By 3</a></li><li class=\\"Navigation__LinkListItem-j6h1ss-2 kkyviC\\"><a href=\\"/by/5\\">By 5</a></li><li class=\\"Navigation__LinkListItem-j6h1ss-2 kkyviC\\"><a href=\\"/by/8\\">By 8</a></li></ul></div><div class=\\"Navigation__LinkWrapper-j6h1ss-3 gbXNJi\\"><a href=\\"/about/\\">About</a></div></div>"`;
