// Jest Snapshot v1, https://goo.gl/fbAQLP

exports[`should render spinner after a timeout 1`] = `"<div class=\\"spinner\\"></div>"`;
